[esensifiksi.com/tf/marmozet/index.html]
[backblue.gif]
[fade.gif]
[index.html]
[esensifiksi.com/tf/marmozet/assets/vendor/font-awesome-5/css/fontawesome-all.min.css]
[esensifiksi.com/tf/marmozet/assets/css/fullsreen-showcase.css]
[esensifiksi.com/tf/marmozet/assets/css/responsive-fullsreen.css]
[esensifiksi.com/tf/marmozet/assets/img/logo.png]
[esensifiksi.com/tf/marmozet/index-2.html]
[esensifiksi.com/tf/marmozet/home-single.html]
[esensifiksi.com/tf/marmozet/home-multi-vert.html]
[esensifiksi.com/tf/marmozet/about.html]
[esensifiksi.com/tf/marmozet/blog-sidebar.html]
[esensifiksi.com/tf/marmozet/contact.html]
[esensifiksi.com/tf/marmozet/single-project.html]
[esensifiksi.com/tf/marmozet/assets/js/fullsreen-showcase.js]
[esensifiksi.com/tf/marmozet/index.html]
[esensifiksi.com/tf/marmozet/assets/js/main.js]
[esensifiksi.com/tf/marmozet/assets/js/plugin.js]
[esensifiksi.com/tf/marmozet/assets/vendor/font-awesome-5/webfonts/fa-brands-400d41d.eot]
[esensifiksi.com/tf/marmozet/assets/vendor/font-awesome-5/webfonts/fa-brands-400.woff2]
[esensifiksi.com/tf/marmozet/assets/vendor/font-awesome-5/webfonts/fa-brands-400.woff]
[esensifiksi.com/tf/marmozet/assets/vendor/font-awesome-5/webfonts/fa-brands-400.ttf]
[esensifiksi.com/tf/marmozet/assets/vendor/font-awesome-5/webfonts/fa-regular-400.eot]
[esensifiksi.com/tf/marmozet/assets/vendor/font-awesome-5/webfonts/fa-brands-400.svg]
[esensifiksi.com/tf/marmozet/assets/vendor/font-awesome-5/webfonts/fa-regular-400.woff2]
[esensifiksi.com/tf/marmozet/assets/vendor/font-awesome-5/webfonts/fa-regular-400d41d.eot]
[esensifiksi.com/tf/marmozet/assets/vendor/font-awesome-5/webfonts/fa-regular-400.woff]
[esensifiksi.com/tf/marmozet/assets/vendor/font-awesome-5/webfonts/fa-regular-400.ttf]
[esensifiksi.com/tf/marmozet/assets/vendor/font-awesome-5/webfonts/fa-solid-900.eot]
[esensifiksi.com/tf/marmozet/assets/vendor/font-awesome-5/webfonts/fa-regular-400.svg]
[esensifiksi.com/tf/marmozet/assets/vendor/font-awesome-5/webfonts/fa-solid-900.1c.delayed]
[esensifiksi.com/tf/marmozet/assets/vendor/font-awesome-5/webfonts/fa-solid-900d41d.eot]
[esensifiksi.com/tf/marmozet/assets/vendor/font-awesome-5/webfonts/fa-solid-900.woff]
[esensifiksi.com/tf/marmozet/assets/vendor/font-awesome-5/webfonts/fa-solid-900.ttf]
[esensifiksi.com/tf/marmozet/assets/vendor/font-awesome-5/webfonts/fa-solid-900.svg]
[esensifiksi.com/tf/marmozet/assets/vendor/font-awesome-5/css/fontawesome-all.min.css]
[esensifiksi.com/tf/marmozet/assets/css/custom.css]
[esensifiksi.com/tf/marmozet/assets/css/fullsreen-showcase.css]
[esensifiksi.com/tf/marmozet/assets/css/responsive-fullsreen.css]
[esensifiksi.com/tf/marmozet/index-2.html]
[esensifiksi.com/tf/marmozet/assets/css/main.css]
[esensifiksi.com/tf/marmozet/assets/css/responsive.css]
[esensifiksi.com/tf/marmozet/home-single.html]
[esensifiksi.com/tf/marmozet/assets/js/single-showcase.js]
[esensifiksi.com/tf/marmozet/assets/css/multi-vert-showcase.css]
[esensifiksi.com/tf/marmozet/home-multi-vert.html]
[esensifiksi.com/tf/marmozet/assets/js/multi-showcase-vert.js]
[esensifiksi.com/tf/marmozet/assets/img/service/1.png]
[esensifiksi.com/tf/marmozet/assets/img/service/2.png]
[esensifiksi.com/tf/marmozet/assets/img/service/3.png]
[esensifiksi.com/tf/marmozet/assets/img/service/4.png]
[esensifiksi.com/tf/marmozet/assets/img/partner/light/client-1.png]
[esensifiksi.com/tf/marmozet/assets/img/partner/light/client-2.png]
[esensifiksi.com/tf/marmozet/assets/img/partner/light/client-3.png]
[esensifiksi.com/tf/marmozet/assets/img/partner/light/client-4.png]
[esensifiksi.com/tf/marmozet/assets/img/partner/light/client-5.png]
[esensifiksi.com/tf/marmozet/assets/img/partner/light/client-6.png]
[esensifiksi.com/tf/marmozet/about.html]
[esensifiksi.com/tf/marmozet/assets/img/portfolio/0.jpg]
[esensifiksi.com/tf/marmozet/assets/img/portfolio/1.jpg]
[cdnjs.cloudflare.com/ajax/libs/popper.js/1.14.3/umd/popper.min.js]
[stackpath.bootstrapcdn.com/bootstrap/4.1.3/js/bootstrap.min.js]
[cdnjs.cloudflare.com/ajax/libs/1000hz-bootstrap-validator/0.11.9/validator.min.js]
[esensifiksi.com/tf/marmozet/blog-sidebar.html]
[esensifiksi.com/tf/marmozet/contact.html]
[esensifiksi.com/tf/marmozet/assets/js/contact.js]
[cdnjs.cloudflare.com/ajax/libs/normalize/8.0.1/normalize.min.css]
[use.fontawesome.com/releases/v5.7.0/css/all.css]
[esensifiksi.com/tf/marmozet/assets/img/single-portfolio/1.jpg]
[esensifiksi.com/tf/marmozet/assets/img/single-portfolio/slide-1.jpg]
[esensifiksi.com/tf/marmozet/assets/img/single-portfolio/slide-2.jpg]
[esensifiksi.com/tf/marmozet/assets/img/single-portfolio/slide-3.jpg]
[esensifiksi.com/tf/marmozet/assets/img/single-portfolio/slide-4.jpg]
[esensifiksi.com/tf/marmozet/single-project.html]
[esensifiksi.com/tf/marmozet/assets/vendor/font-awesome-5/webfonts/fa-brands-400.eot]
[esensifiksi.com/tf/marmozet/assets/vendor/font-awesome-5/webfonts/fa-brands-400.svg]
[esensifiksi.com/tf/marmozet/assets/vendor/font-awesome-5/webfonts/fa-regular-400.svg]
[esensifiksi.com/tf/marmozet/assets/vendor/font-awesome-5/webfonts/fa-solid-900.svg]
[esensifiksi.com/tf/marmozet/assets/css/custom.css]
[esensifiksi.com/tf/marmozet/assets/fonts/poppins/poppins-v5-latin-100d41d.eot]
[esensifiksi.com/tf/marmozet/assets/fonts/poppins/poppins-v5-latin-100.woff2]
[esensifiksi.com/tf/marmozet/assets/fonts/poppins/poppins-v5-latin-100.woff]
[esensifiksi.com/tf/marmozet/assets/fonts/poppins/poppins-v5-latin-100.ttf]
[esensifiksi.com/tf/marmozet/assets/fonts/poppins/poppins-v5-latin-100.svg]
[esensifiksi.com/tf/marmozet/assets/fonts/poppins/poppins-v5-latin-100italic.eot]
[esensifiksi.com/tf/marmozet/assets/fonts/poppins/poppins-v5-latin-100italic.woff2]
[esensifiksi.com/tf/marmozet/assets/fonts/poppins/poppins-v5-latin-100italicd41d.eot]
[esensifiksi.com/tf/marmozet/assets/fonts/poppins/poppins-v5-latin-100italic.woff]
[esensifiksi.com/tf/marmozet/assets/fonts/poppins/poppins-v5-latin-100italic.ttf]
[esensifiksi.com/tf/marmozet/assets/fonts/poppins/poppins-v5-latin-100italic.svg]
[esensifiksi.com/tf/marmozet/assets/fonts/poppins/poppins-v5-latin-200.eot]
[esensifiksi.com/tf/marmozet/assets/fonts/poppins/poppins-v5-latin-200d41d.eot]
[esensifiksi.com/tf/marmozet/assets/fonts/poppins/poppins-v5-latin-200.woff2]
[esensifiksi.com/tf/marmozet/assets/fonts/poppins/poppins-v5-latin-200.woff]
[esensifiksi.com/tf/marmozet/assets/fonts/poppins/poppins-v5-latin-200.ttf]
[esensifiksi.com/tf/marmozet/assets/fonts/poppins/poppins-v5-latin-200.svg]
[esensifiksi.com/tf/marmozet/assets/fonts/poppins/poppins-v5-latin-300italic.eot]
[esensifiksi.com/tf/marmozet/assets/fonts/poppins/poppins-v5-latin-300italicd41d.eot]
[esensifiksi.com/tf/marmozet/assets/fonts/poppins/poppins-v5-latin-300italic.woff2]
[esensifiksi.com/tf/marmozet/assets/fonts/poppins/poppins-v5-latin-300italic.woff]
[esensifiksi.com/tf/marmozet/assets/fonts/poppins/poppins-v5-latin-300italic.ttf]
[esensifiksi.com/tf/marmozet/assets/fonts/poppins/poppins-v5-latin-300italic.svg]
[esensifiksi.com/tf/marmozet/assets/fonts/poppins/poppins-v5-latin-300.eot]
[esensifiksi.com/tf/marmozet/assets/fonts/poppins/poppins-v5-latin-300d41d.eot]
[esensifiksi.com/tf/marmozet/assets/fonts/poppins/poppins-v5-latin-300.woff2]
[esensifiksi.com/tf/marmozet/assets/fonts/poppins/poppins-v5-latin-300.woff]
[esensifiksi.com/tf/marmozet/assets/fonts/poppins/poppins-v5-latin-300.ttf]
[esensifiksi.com/tf/marmozet/assets/fonts/poppins/poppins-v5-latin-regular.eot]
[esensifiksi.com/tf/marmozet/assets/fonts/poppins/poppins-v5-latin-300.svg]
[esensifiksi.com/tf/marmozet/assets/fonts/poppins/poppins-v5-latin-regulard41d.eot]
[esensifiksi.com/tf/marmozet/assets/fonts/poppins/poppins-v5-latin-regular.woff2]
[esensifiksi.com/tf/marmozet/assets/fonts/poppins/poppins-v5-latin-regular.woff]
[esensifiksi.com/tf/marmozet/assets/fonts/poppins/poppins-v5-latin-regular.ttf]
[esensifiksi.com/tf/marmozet/assets/fonts/poppins/poppins-v5-latin-italic.eot]
[esensifiksi.com/tf/marmozet/assets/fonts/poppins/poppins-v5-latin-regular.svg]
[esensifiksi.com/tf/marmozet/assets/fonts/poppins/poppins-v5-latin-italicd41d.eot]
[esensifiksi.com/tf/marmozet/assets/fonts/poppins/poppins-v5-latin-italic.woff2]
[esensifiksi.com/tf/marmozet/assets/fonts/poppins/poppins-v5-latin-italic.woff]
[esensifiksi.com/tf/marmozet/assets/fonts/poppins/poppins-v5-latin-italic.ttf]
[esensifiksi.com/tf/marmozet/assets/fonts/poppins/poppins-v5-latin-200italic.eot]
[esensifiksi.com/tf/marmozet/assets/fonts/poppins/poppins-v5-latin-italic.svg]
[esensifiksi.com/tf/marmozet/assets/fonts/poppins/poppins-v5-latin-200italicd41d.eot]
[esensifiksi.com/tf/marmozet/assets/fonts/poppins/poppins-v5-latin-200italic.woff2]
[esensifiksi.com/tf/marmozet/assets/fonts/poppins/poppins-v5-latin-200italic.woff]
[esensifiksi.com/tf/marmozet/assets/fonts/poppins/poppins-v5-latin-200italic.ttf]
[esensifiksi.com/tf/marmozet/assets/fonts/poppins/poppins-v5-latin-200italic.svg]
[esensifiksi.com/tf/marmozet/assets/fonts/poppins/poppins-v5-latin-500.eot]
[esensifiksi.com/tf/marmozet/assets/fonts/poppins/poppins-v5-latin-500d41d.eot]
[esensifiksi.com/tf/marmozet/assets/fonts/poppins/poppins-v5-latin-500.woff2]
[esensifiksi.com/tf/marmozet/assets/fonts/poppins/poppins-v5-latin-500.woff]
[esensifiksi.com/tf/marmozet/assets/fonts/poppins/poppins-v5-latin-500.ttf]
[esensifiksi.com/tf/marmozet/assets/fonts/poppins/poppins-v5-latin-500italic.eot]
[esensifiksi.com/tf/marmozet/assets/fonts/poppins/poppins-v5-latin-500.svg]
[esensifiksi.com/tf/marmozet/assets/fonts/poppins/poppins-v5-latin-500italicd41d.eot]
[esensifiksi.com/tf/marmozet/assets/fonts/poppins/poppins-v5-latin-500italic.woff2]
[esensifiksi.com/tf/marmozet/assets/fonts/poppins/poppins-v5-latin-500italic.woff]
[esensifiksi.com/tf/marmozet/assets/fonts/poppins/poppins-v5-latin-500italic.ttf]
[esensifiksi.com/tf/marmozet/assets/fonts/poppins/poppins-v5-latin-600italic.eot]
[esensifiksi.com/tf/marmozet/assets/fonts/poppins/poppins-v5-latin-500italic.svg]
[esensifiksi.com/tf/marmozet/assets/fonts/poppins/poppins-v5-latin-600italicd41d.eot]
[esensifiksi.com/tf/marmozet/assets/fonts/poppins/poppins-v5-latin-600italic.woff2]
[esensifiksi.com/tf/marmozet/assets/fonts/poppins/poppins-v5-latin-600italic.woff]
[esensifiksi.com/tf/marmozet/assets/fonts/poppins/poppins-v5-latin-600italic.ttf]
[esensifiksi.com/tf/marmozet/assets/fonts/poppins/poppins-v5-latin-600.eot]
[esensifiksi.com/tf/marmozet/assets/fonts/poppins/poppins-v5-latin-600italic.svg]
[esensifiksi.com/tf/marmozet/assets/fonts/poppins/poppins-v5-latin-600.woff2]
[esensifiksi.com/tf/marmozet/assets/fonts/poppins/poppins-v5-latin-600d41d.eot]
[esensifiksi.com/tf/marmozet/assets/fonts/poppins/poppins-v5-latin-600.woff]
[esensifiksi.com/tf/marmozet/assets/fonts/poppins/poppins-v5-latin-600.ttf]
[esensifiksi.com/tf/marmozet/assets/fonts/poppins/poppins-v5-latin-600.svg]
[esensifiksi.com/tf/marmozet/assets/fonts/poppins/poppins-v5-latin-700.eot]
[esensifiksi.com/tf/marmozet/assets/fonts/poppins/poppins-v5-latin-700d41d.eot]
[esensifiksi.com/tf/marmozet/assets/fonts/poppins/poppins-v5-latin-700.woff2]
[esensifiksi.com/tf/marmozet/assets/fonts/poppins/poppins-v5-latin-700.woff]
[esensifiksi.com/tf/marmozet/assets/fonts/poppins/poppins-v5-latin-700.ttf]
[esensifiksi.com/tf/marmozet/assets/fonts/poppins/poppins-v5-latin-700.svg]
[esensifiksi.com/tf/marmozet/assets/fonts/poppins/poppins-v5-latin-700italic.eot]
[esensifiksi.com/tf/marmozet/assets/fonts/poppins/poppins-v5-latin-700italicd41d.eot]
[esensifiksi.com/tf/marmozet/assets/fonts/poppins/poppins-v5-latin-700italic.woff2]
[esensifiksi.com/tf/marmozet/assets/fonts/poppins/poppins-v5-latin-700italic.woff]
[esensifiksi.com/tf/marmozet/assets/fonts/poppins/poppins-v5-latin-700italic.ttf]
[esensifiksi.com/tf/marmozet/assets/fonts/poppins/poppins-v5-latin-700italic.svg]
[esensifiksi.com/tf/marmozet/assets/fonts/poppins/poppins-v5-latin-800.eot]
[esensifiksi.com/tf/marmozet/assets/fonts/poppins/poppins-v5-latin-800.woff2]
[esensifiksi.com/tf/marmozet/assets/fonts/poppins/poppins-v5-latin-800d41d.eot]
[esensifiksi.com/tf/marmozet/assets/fonts/poppins/poppins-v5-latin-800.woff]
[esensifiksi.com/tf/marmozet/assets/fonts/poppins/poppins-v5-latin-800.ttf]
[esensifiksi.com/tf/marmozet/assets/fonts/poppins/poppins-v5-latin-800.svg]
[esensifiksi.com/tf/marmozet/assets/fonts/poppins/poppins-v5-latin-800italic.eot]
[esensifiksi.com/tf/marmozet/assets/fonts/poppins/poppins-v5-latin-800italicd41d.eot]
[esensifiksi.com/tf/marmozet/assets/fonts/poppins/poppins-v5-latin-800italic.woff2]
[esensifiksi.com/tf/marmozet/assets/fonts/poppins/poppins-v5-latin-800italic.woff]
[esensifiksi.com/tf/marmozet/assets/fonts/poppins/poppins-v5-latin-800italic.ttf]
[esensifiksi.com/tf/marmozet/assets/fonts/poppins/poppins-v5-latin-800italic.svg]
[esensifiksi.com/tf/marmozet/assets/fonts/poppins/poppins-v5-latin-900.eot]
[esensifiksi.com/tf/marmozet/assets/fonts/poppins/poppins-v5-latin-900d41d.eot]
[esensifiksi.com/tf/marmozet/assets/fonts/poppins/poppins-v5-latin-900.woff2]
[esensifiksi.com/tf/marmozet/assets/fonts/poppins/poppins-v5-latin-900.woff]
[esensifiksi.com/tf/marmozet/assets/fonts/poppins/poppins-v5-latin-900.ttf]
[esensifiksi.com/tf/marmozet/assets/fonts/poppins/poppins-v5-latin-900.svg]
[esensifiksi.com/tf/marmozet/assets/fonts/poppins/poppins-v5-latin-900italic.eot]
[esensifiksi.com/tf/marmozet/assets/fonts/poppins/poppins-v5-latin-900italicd41d.eot]
[esensifiksi.com/tf/marmozet/assets/fonts/poppins/poppins-v5-latin-900italic.woff2]
[esensifiksi.com/tf/marmozet/assets/fonts/poppins/poppins-v5-latin-900italic.woff]
[esensifiksi.com/tf/marmozet/assets/fonts/poppins/poppins-v5-latin-900italic.ttf]
[esensifiksi.com/tf/marmozet/assets/fonts/poppins/poppins-v5-latin-900italic.svg]
[esensifiksi.com/tf/marmozet/assets/img/portfolio/2.jpg]
[esensifiksi.com/tf/marmozet/assets/img/portfolio/3.jpg]
[esensifiksi.com/tf/marmozet/assets/img/portfolio/4.jpg]
[esensifiksi.com/tf/marmozet/assets/img/portfolio/5.jpg]
[esensifiksi.com/tf/marmozet/assets/img/portfolio/6.jpg]
[esensifiksi.com/tf/marmozet/assets/css/main.css]
[esensifiksi.com/tf/marmozet/assets/css/single-vert-showcase.css]
[esensifiksi.com/tf/marmozet/assets/css/responsive.css]
[esensifiksi.com/tf/marmozet/assets/css/multi-vert-showcase.css]
[cdnjs.cloudflare.com/ajax/libs/normalize/8.0.1/normalize.min.css]
[use.fontawesome.com/releases/v5.7.0/css/all.css]
[esensifiksi.com/tf/marmozet/assets/css/owl.video.play.html]
[esensifiksi.com/tf/marmozet/assets/fonts/poppins/poppins-v5-latin-100.eot]
[esensifiksi.com/tf/marmozet/assets/fonts/poppins/poppins-v5-latin-100.svg]
[esensifiksi.com/tf/marmozet/assets/fonts/poppins/poppins-v5-latin-100italic.svg]
[esensifiksi.com/tf/marmozet/assets/fonts/poppins/poppins-v5-latin-200.svg]
[esensifiksi.com/tf/marmozet/assets/fonts/poppins/poppins-v5-latin-300italic.svg]
[esensifiksi.com/tf/marmozet/assets/fonts/poppins/poppins-v5-latin-300.svg]
[esensifiksi.com/tf/marmozet/assets/fonts/poppins/poppins-v5-latin-regular.svg]
[esensifiksi.com/tf/marmozet/assets/fonts/poppins/poppins-v5-latin-italic.svg]
[esensifiksi.com/tf/marmozet/assets/fonts/poppins/poppins-v5-latin-200italic.svg]
[esensifiksi.com/tf/marmozet/assets/fonts/poppins/poppins-v5-latin-500.svg]
[esensifiksi.com/tf/marmozet/assets/fonts/poppins/poppins-v5-latin-500italic.svg]
[esensifiksi.com/tf/marmozet/assets/fonts/poppins/poppins-v5-latin-600italic.svg]
[esensifiksi.com/tf/marmozet/assets/fonts/poppins/poppins-v5-latin-600.svg]
[esensifiksi.com/tf/marmozet/assets/fonts/poppins/poppins-v5-latin-700.svg]
[esensifiksi.com/tf/marmozet/assets/fonts/poppins/poppins-v5-latin-700italic.svg]
[esensifiksi.com/tf/marmozet/assets/fonts/poppins/poppins-v5-latin-800.svg]
[esensifiksi.com/tf/marmozet/assets/fonts/poppins/poppins-v5-latin-800italic.svg]
[esensifiksi.com/tf/marmozet/assets/fonts/poppins/poppins-v5-latin-900.svg]
[esensifiksi.com/tf/marmozet/assets/fonts/poppins/poppins-v5-latin-900italic.svg]
